[gramotech.com/html/ecova/index.html]
[gramotech.com/html/ecova/images/favicon.png]
[backblue.gif]
[fade.gif]
[index.html]
[gramotech.com/html/ecova/css/custom.css]
[gramotech.com/html/ecova/css/color.css]
[gramotech.com/html/ecova/css/responsive.css]
[gramotech.com/html/ecova/css/owl.carousel.min.css]
[gramotech.com/html/ecova/css/bootstrap.min.css]
[gramotech.com/html/ecova/css/prettyPhoto.css]
[gramotech.com/html/ecova/css/all.min.css]
[gramotech.com/html/ecova/index-2.html]
[gramotech.com/html/ecova/images/h2logo.png]
[gramotech.com/html/ecova/home-two.html]
[gramotech.com/html/ecova/home-three.html]
[gramotech.com/html/ecova/about.html]
[gramotech.com/html/ecova/events-grid.html]
[gramotech.com/html/ecova/events-grid-2.html]
[gramotech.com/html/ecova/events-grid-3.html]
[gramotech.com/html/ecova/events-list.html]
[gramotech.com/html/ecova/events-list-two.html]
[gramotech.com/html/ecova/event-details.html]
[gramotech.com/html/ecova/causes.html]
[gramotech.com/html/ecova/causes-list.html]
[gramotech.com/html/ecova/causes-details.html]
[gramotech.com/html/ecova/blog.html]
[gramotech.com/html/ecova/blog-list.html]
[gramotech.com/html/ecova/blog-grid.html]
[gramotech.com/html/ecova/blog-two-col.html]
[gramotech.com/html/ecova/blog-three-col.html]
[gramotech.com/html/ecova/blog-details.html]
[gramotech.com/html/ecova/projects.html]
[gramotech.com/html/ecova/projects-grid.html]
[gramotech.com/html/ecova/projects-grid-two.html]
[gramotech.com/html/ecova/projects-list.html]
[gramotech.com/html/ecova/projects-details.html]
[gramotech.com/html/ecova/shop.html]
[gramotech.com/html/ecova/shop-two.html]
[gramotech.com/html/ecova/shop-details.html]
[gramotech.com/html/ecova/team.html]
[gramotech.com/html/ecova/team-two.html]
[gramotech.com/html/ecova/team-details.html]
[gramotech.com/html/ecova/gallery-grid.html]
[gramotech.com/html/ecova/gallery-full.html]
[gramotech.com/html/ecova/gallery-masonry.html]
[gramotech.com/html/ecova/testimonials.html]
[gramotech.com/html/ecova/donation.html]
[gramotech.com/html/ecova/my-account.html]
[gramotech.com/html/ecova/coming-soon.html]
[gramotech.com/html/ecova/page-404.html]
[gramotech.com/html/ecova/contact-one.html]
[gramotech.com/html/ecova/contact-two.html]
[gramotech.com/html/ecova/images/pro.jpg]
[gramotech.com/html/ecova/images/h2-slide1.jpg]
[gramotech.com/html/ecova/images/h2-slide2.jpg]
[gramotech.com/html/ecova/images/h2-slide3.jpg]
[gramotech.com/html/ecova/images/sericon1.png]
[gramotech.com/html/ecova/images/sericon2.png]
[gramotech.com/html/ecova/images/sericon3.png]
[gramotech.com/html/ecova/images/sericon4.png]
[gramotech.com/html/ecova/images/sericon5.png]
[gramotech.com/html/ecova/images/h2about.jpg]
[gramotech.com/html/ecova/images/current-pro1.jpg]
[gramotech.com/html/ecova/images/current-pro2.jpg]
[gramotech.com/html/ecova/images/current-pro3.jpg]
[gramotech.com/html/ecova/images/current-pro4.jpg]
[gramotech.com/html/ecova/images/current-pro5.jpg]
[gramotech.com/html/ecova/images/current-pro6.jpg]
[gramotech.com/html/ecova/images/current-pro7.jpg]
[gramotech.com/html/ecova/images/current-pro8.jpg]
[gramotech.com/html/ecova/images/h2news1.jpg]
[gramotech.com/html/ecova/images/h2news2.jpg]
[gramotech.com/html/ecova/images/h2news3.jpg]
[gramotech.com/html/ecova/images/pro1.jpg]
[gramotech.com/html/ecova/images/pro2.jpg]
[gramotech.com/html/ecova/images/pro3.jpg]
[gramotech.com/html/ecova/images/pro4.jpg]
[gramotech.com/html/ecova/images/insta1.jpg]
[gramotech.com/html/ecova/images/insta2.jpg]
[gramotech.com/html/ecova/images/insta3.jpg]
[gramotech.com/html/ecova/images/insta4.jpg]
[gramotech.com/html/ecova/images/insta5.jpg]
[gramotech.com/html/ecova/images/insta6.jpg]
[gramotech.com/html/ecova/images/insta7.jpg]
[gramotech.com/html/ecova/images/flp1.jpg]
[gramotech.com/html/ecova/images/flp2.jpg]
[gramotech.com/html/ecova/images/flp3.jpg]
[gramotech.com/html/ecova/images/fpro1.jpg]
[gramotech.com/html/ecova/images/logo.png]
[gramotech.com/html/ecova/js/jquery-migrate-1.4.1.min.js]
[gramotech.com/html/ecova/js/popper.min.js]
[gramotech.com/html/ecova/js/bootstrap.min.js]
[gramotech.com/html/ecova/js/owl.carousel.min.js]
[gramotech.com/html/ecova/js/jquery-3.3.1.min.js]
[gramotech.com/html/ecova/js/jquery.prettyPhoto.js]
[gramotech.com/html/ecova/index.html]
[gramotech.com/html/ecova/js/custom.js]
[gramotech.com/html/ecova/js/isotope.min.js]
[gramotech.com/html/ecova/webfonts/droidsans-webfont.woff2]
[gramotech.com/html/ecova/webfonts/DroidSans-webfont.eot]
[gramotech.com/html/ecova/webfonts/DroidSans-webfont.woff]
[gramotech.com/html/ecova/webfonts/DroidSans-webfontd41d.eot]
[gramotech.com/html/ecova/webfonts/DroidSans-webfont.svg]
[gramotech.com/html/ecova/webfonts/droidsans-bold-webfont.woff2]
[gramotech.com/html/ecova/webfonts/DroidSans-webfont.ttf]
[gramotech.com/html/ecova/webfonts/DroidSans-Bold-webfont.eot]
[gramotech.com/html/ecova/webfonts/DroidSans-Bold-webfontd41d.eot]
[gramotech.com/html/ecova/webfonts/DroidSans-Bold-webfont.svg]
[gramotech.com/html/ecova/images/innerheader.jpg]
[gramotech.com/html/ecova/images/aboutbg.jpg]
[gramotech.com/html/ecova/images/patt.png]
[gramotech.com/html/ecova/images/line.png]
[gramotech.com/html/ecova/images/pat2.jpg]
[gramotech.com/html/ecova/images/factsbg.jpg]
[gramotech.com/html/ecova/images/border.png]
[gramotech.com/html/ecova/images/line2.png]
[gramotech.com/html/ecova/images/footerbg.jpg]
[gramotech.com/html/ecova/images/factsbg.png]
[gramotech.com/html/ecova/images/urgentcause.png]
[gramotech.com/html/ecova/images/mappatt.jpg]
[gramotech.com/html/ecova/images/news-artilcesbg.jpg]
[gramotech.com/html/ecova/images/whybg.jpg]
[gramotech.com/html/ecova/images/fpat.jpg]
[gramotech.com/html/ecova/images/line3.png]
[gramotech.com/html/ecova/images/coreprojectbg.jpg]
[gramotech.com/html/ecova/images/h3teambg.jpg]
[gramotech.com/html/ecova/images/patt2.jpg]
[gramotech.com/html/ecova/images/h3footerbg.jpg]
[gramotech.com/html/ecova/images/coming-soon.jpg]
[gramotech.com/html/ecova/images/storybg.jpg]
[gramotech.com/html/ecova/css/custom.css]
[gramotech.com/html/ecova/css/color.css]
[gramotech.com/html/ecova/css/responsive.css]
[gramotech.com/html/ecova/css/owl.video.play.png]
[gramotech.com/html/ecova/css/owl.carousel.min.css]
[gramotech.com/html/ecova/css/bootstrap.min.css]
[gramotech.com/html/ecova/images/prettyPhoto/default/sprite.png]
[gramotech.com/html/ecova/images/prettyPhoto/default/sprite_x.png]
[gramotech.com/html/ecova/images/prettyPhoto/default/sprite_y.png]
[gramotech.com/html/ecova/images/prettyPhoto/default/sprite_next.png]
[gramotech.com/html/ecova/images/prettyPhoto/default/sprite_prev.png]
[gramotech.com/html/ecova/images/prettyPhoto/default/default_thumb.png]
[gramotech.com/html/ecova/images/prettyPhoto/default/loader.gif]
[gramotech.com/html/ecova/images/prettyPhoto/light_rounded/sprite.png]
[gramotech.com/html/ecova/images/prettyPhoto/light_rounded/btnNext.png]
[gramotech.com/html/ecova/images/prettyPhoto/light_rounded/btnPrevious.png]
[gramotech.com/html/ecova/images/prettyPhoto/dark_rounded/sprite.png]
[gramotech.com/html/ecova/images/prettyPhoto/dark_rounded/contentPattern.png]
[gramotech.com/html/ecova/images/prettyPhoto/dark_rounded/btnNext.png]
[gramotech.com/html/ecova/images/prettyPhoto/dark_rounded/btnPrevious.png]
[gramotech.com/html/ecova/images/prettyPhoto/dark_rounded/loader.gif]
[gramotech.com/html/ecova/images/prettyPhoto/dark_square/loader.gif]
[gramotech.com/html/ecova/images/prettyPhoto/dark_square/sprite.png]
[gramotech.com/html/ecova/images/prettyPhoto/dark_square/btnNext.png]
[gramotech.com/html/ecova/images/prettyPhoto/dark_square/btnPrevious.png]
[gramotech.com/html/ecova/images/prettyPhoto/light_square/sprite.png]
[gramotech.com/html/ecova/images/prettyPhoto/light_square/btnNext.png]
[gramotech.com/html/ecova/images/prettyPhoto/light_square/btnPrevious.png]
[gramotech.com/html/ecova/images/prettyPhoto/facebook/sprite.png]
[gramotech.com/html/ecova/images/prettyPhoto/facebook/contentPatternTop.png]
[gramotech.com/html/ecova/images/prettyPhoto/facebook/contentPatternLeft.png]
[gramotech.com/html/ecova/images/prettyPhoto/facebook/contentPatternRight.png]
[gramotech.com/html/ecova/images/prettyPhoto/facebook/loader.gif]
[gramotech.com/html/ecova/images/prettyPhoto/facebook/btnNext.png]
[gramotech.com/html/ecova/images/prettyPhoto/facebook/btnPrevious.png]
[gramotech.com/html/ecova/images/prettyPhoto/facebook/contentPatternBottom.png]
[gramotech.com/html/ecova/images/prettyPhoto/facebook/default_thumbnail.gif]
[gramotech.com/html/ecova/images/prettyPhoto/light_rounded/loader.gif]
[gramotech.com/html/ecova/css/prettyPhoto.css]
[gramotech.com/html/ecova/webfonts/fa-brands-400.woff2]
[gramotech.com/html/ecova/webfonts/fa-brands-400.woff]
[gramotech.com/html/ecova/webfonts/fa-brands-400.eot]
[gramotech.com/html/ecova/webfonts/fa-brands-400d41d.eot]
[gramotech.com/html/ecova/webfonts/fa-brands-400.svg]
[gramotech.com/html/ecova/webfonts/fa-regular-400.woff2]
[gramotech.com/html/ecova/webfonts/fa-brands-400.ttf]
[gramotech.com/html/ecova/webfonts/fa-regular-400.eot]
[gramotech.com/html/ecova/webfonts/fa-regular-400.woff]
[gramotech.com/html/ecova/webfonts/fa-regular-400d41d.eot]
[gramotech.com/html/ecova/webfonts/fa-regular-400.ttf]
[gramotech.com/html/ecova/webfonts/fa-regular-400.svg]
[gramotech.com/html/ecova/webfonts/fa-solid-900.woff2]
[gramotech.com/html/ecova/webfonts/fa-solid-900.woff]
[gramotech.com/html/ecova/webfonts/fa-solid-900.eot]
[gramotech.com/html/ecova/webfonts/fa-solid-900d41d.eot]
[gramotech.com/html/ecova/css/all.min.css]
[gramotech.com/html/ecova/index-2.html]
[gramotech.com/html/ecova/images/h1-slide1.jpg]
[gramotech.com/html/ecova/webfonts/fa-solid-900.svg]
[gramotech.com/html/ecova/images/h1-slide2.jpg]
[gramotech.com/html/ecova/webfonts/fa-solid-900.ttf]
[gramotech.com/html/ecova/images/h1-slide3.jpg]
[gramotech.com/html/ecova/images/aboutpic1.jpg]
[gramotech.com/html/ecova/images/aboutpic3.jpg]
[gramotech.com/html/ecova/images/aboutpic5.jpg]
[gramotech.com/html/ecova/images/aboutpic2.jpg]
[gramotech.com/html/ecova/images/serimg1.jpg]
[gramotech.com/html/ecova/images/serimg2.jpg]
[gramotech.com/html/ecova/images/serimg3.jpg]
[gramotech.com/html/ecova/images/serimg4.jpg]
[gramotech.com/html/ecova/images/serimg5.jpg]
[gramotech.com/html/ecova/images/np1.jpg]
[gramotech.com/html/ecova/images/np2.jpg]
[gramotech.com/html/ecova/images/np3.jpg]
[gramotech.com/html/ecova/images/ep1.jpg]
[gramotech.com/html/ecova/images/ep2.jpg]
[gramotech.com/html/ecova/images/fc1.jpg]
[gramotech.com/html/ecova/images/u1.jpg]
[gramotech.com/html/ecova/images/u2.jpg]
[gramotech.com/html/ecova/images/u3.jpg]
[gramotech.com/html/ecova/images/u4.jpg]
[gramotech.com/html/ecova/images/u5.jpg]
[gramotech.com/html/ecova/images/fc2.jpg]
[gramotech.com/html/ecova/images/fc3.jpg]
[gramotech.com/html/ecova/images/agallery1.jpg]
[gramotech.com/html/ecova/images/agallery2.jpg]
[gramotech.com/html/ecova/images/agallery3.jpg]
[gramotech.com/html/ecova/images/agallery4.jpg]
[gramotech.com/html/ecova/images/agallery5.jpg]
[gramotech.com/html/ecova/images/agallery6.jpg]
[gramotech.com/html/ecova/images/agallery7.jpg]
[gramotech.com/html/ecova/images/agallery8.jpg]
[gramotech.com/html/ecova/images/plogo1.png]
[gramotech.com/html/ecova/images/plogo2.png]
[gramotech.com/html/ecova/images/plogo3.png]
[gramotech.com/html/ecova/images/plogo4.png]
[gramotech.com/html/ecova/images/plogo5.png]
[gramotech.com/html/ecova/images/f2logo.png]
[gramotech.com/html/ecova/home-two.html]
[gramotech.com/html/ecova/images/h3logo.png]
[gramotech.com/html/ecova/images/h3slide1.jpg]
[gramotech.com/html/ecova/images/h3slide2.jpg]
[gramotech.com/html/ecova/images/h3slide3.jpg]
[gramotech.com/html/ecova/images/shakehandicon.png]
[gramotech.com/html/ecova/images/moneyicon.png]
[gramotech.com/html/ecova/images/h3about.png]
[gramotech.com/html/ecova/images/ocp1.jpg]
[gramotech.com/html/ecova/images/ocp2.jpg]
[gramotech.com/html/ecova/images/ocp3.jpg]
[gramotech.com/html/ecova/images/ocp4.jpg]
[gramotech.com/html/ecova/images/ocp5.jpg]
[gramotech.com/html/ecova/images/ocp6.jpg]
[gramotech.com/html/ecova/images/news1.jpg]
[gramotech.com/html/ecova/images/news2.jpg]
[gramotech.com/html/ecova/images/eventslideimg1.jpg]
[gramotech.com/html/ecova/images/eventslideimg2.jpg]
[gramotech.com/html/ecova/images/eventslideimg3.jpg]
[gramotech.com/html/ecova/images/h3team1.jpg]
[gramotech.com/html/ecova/images/h3team2.jpg]
[gramotech.com/html/ecova/images/h3team3.jpg]
[gramotech.com/html/ecova/images/tuser1.jpg]
[gramotech.com/html/ecova/images/tuser2.jpg]
[gramotech.com/html/ecova/images/tuser3.jpg]
[gramotech.com/html/ecova/images/h3-flogo.png]
[gramotech.com/html/ecova/home-three.html]
[gramotech.com/html/ecova/css/slick.css]
[gramotech.com/html/ecova/images/aboutimg.jpg]
[gramotech.com/html/ecova/js/slick.min.js]
[gramotech.com/html/ecova/about.html]
[gramotech.com/html/ecova/images/ep3.jpg]
[gramotech.com/html/ecova/images/ep4.jpg]
[gramotech.com/html/ecova/images/ep5.jpg]
[gramotech.com/html/ecova/images/ep6.jpg]
[gramotech.com/html/ecova/images/ep7.jpg]
[gramotech.com/html/ecova/images/ep8.jpg]
[gramotech.com/html/ecova/images/ep9.jpg]
[gramotech.com/html/ecova/events-grid.html]
[gramotech.com/html/ecova/images/event/el1.jpg]
[gramotech.com/html/ecova/images/event/el2.jpg]
[gramotech.com/html/ecova/images/event/el3.jpg]
[gramotech.com/html/ecova/images/event/el4.jpg]
[gramotech.com/html/ecova/images/event/el5.jpg]
[gramotech.com/html/ecova/images/event/el6.jpg]
[gramotech.com/html/ecova/events-grid-2.html]
[gramotech.com/html/ecova/images/event/eg1.jpg]
[gramotech.com/html/ecova/images/event/eg2.jpg]
[gramotech.com/html/ecova/images/event/eg3.jpg]
[gramotech.com/html/ecova/images/event/eg4.jpg]
[gramotech.com/html/ecova/images/event/eg5.jpg]
[gramotech.com/html/ecova/images/event/eg6.jpg]
[gramotech.com/html/ecova/images/event/eg7.jpg]
[gramotech.com/html/ecova/images/event/eg8.jpg]
[gramotech.com/html/ecova/images/event/eg9.jpg]
[gramotech.com/html/ecova/events-grid-3.html]
[gramotech.com/html/ecova/images/pl4.jpg]
[gramotech.com/html/ecova/images/pl1.jpg]
[gramotech.com/html/ecova/images/pl2.jpg]
[gramotech.com/html/ecova/images/pl3.jpg]
[gramotech.com/html/ecova/images/pl5.jpg]
[gramotech.com/html/ecova/events-list.html]
[gramotech.com/html/ecova/images/event/els2-1.jpg]
[gramotech.com/html/ecova/images/event/els2-2.jpg]
[gramotech.com/html/ecova/images/event/els2-3.jpg]
[gramotech.com/html/ecova/images/event/els2-4.jpg]
[gramotech.com/html/ecova/images/event/els2-5.jpg]
[gramotech.com/html/ecova/events-list-two.html]
[gramotech.com/html/ecova/images/blog/bf1.jpg]
[gramotech.com/html/ecova/images/reg-1.jpg]
[gramotech.com/html/ecova/images/reg-2.jpg]
[gramotech.com/html/ecova/images/reg-3.jpg]
[gramotech.com/html/ecova/images/reg-4.jpg]
[gramotech.com/html/ecova/images/reg-5.jpg]
[gramotech.com/html/ecova/images/reg-6.jpg]
[gramotech.com/html/ecova/images/reg-7.jpg]
[gramotech.com/html/ecova/images/reg-8.jpg]
[gramotech.com/html/ecova/event-details.html]
[gramotech.com/html/ecova/js/jquery.plugin.min.js]
[gramotech.com/html/ecova/images/causes/fc4.jpg]
[gramotech.com/html/ecova/images/causes/fc5.jpg]
[gramotech.com/html/ecova/images/causes/fc6.jpg]
[gramotech.com/html/ecova/images/causes/fc7.jpg]
[gramotech.com/html/ecova/images/causes/fc8.jpg]
[gramotech.com/html/ecova/images/causes/fc9.jpg]
[gramotech.com/html/ecova/causes.html]
[gramotech.com/html/ecova/images/causes/cl1.jpg]
[gramotech.com/html/ecova/images/causes/cl2.jpg]
[gramotech.com/html/ecova/images/causes/cl3.jpg]
[gramotech.com/html/ecova/images/causes/cl4.jpg]
[gramotech.com/html/ecova/images/causes/cl5.jpg]
[gramotech.com/html/ecova/causes-list.html]
[gramotech.com/html/ecova/causes-details.html]
[gramotech.com/html/ecova/images/blog/bf2.jpg]
[gramotech.com/html/ecova/images/blog/bf4.jpg]
[gramotech.com/html/ecova/images/blog/bf3.jpg]
[gramotech.com/html/ecova/blog.html]
[gramotech.com/html/ecova/images/blog/bl2.jpg]
[gramotech.com/html/ecova/images/blog/bl1.jpg]
[gramotech.com/html/ecova/images/blog/bl3.jpg]
[gramotech.com/html/ecova/images/blog/bl4.jpg]
[gramotech.com/html/ecova/images/blog/bl5.jpg]
[gramotech.com/html/ecova/images/blog/bl6.jpg]
[gramotech.com/html/ecova/blog-list.html]
[gramotech.com/html/ecova/images/blog/bg1-1.jpg]
[gramotech.com/html/ecova/images/blog/bg1-2.jpg]
[gramotech.com/html/ecova/images/blog/bg1-3.jpg]
[gramotech.com/html/ecova/images/blog/bg1-4.jpg]
[gramotech.com/html/ecova/images/blog/bg1-5.jpg]
[gramotech.com/html/ecova/images/blog/bg1-6.jpg]
[gramotech.com/html/ecova/images/blog/bg1-7.jpg]
[gramotech.com/html/ecova/images/blog/bg1-8.jpg]
[gramotech.com/html/ecova/images/blog/bg1-9.jpg]
[gramotech.com/html/ecova/blog-grid.html]
[gramotech.com/html/ecova/images/blog/b2c-1.jpg]
[gramotech.com/html/ecova/images/blog/b2c-2.jpg]
[gramotech.com/html/ecova/images/blog/b2c-3.jpg]
[gramotech.com/html/ecova/images/blog/b2c-4.jpg]
[gramotech.com/html/ecova/images/blog/b2c-5.jpg]
[gramotech.com/html/ecova/images/blog/b2c-6.jpg]
[gramotech.com/html/ecova/images/blog/b2c-7.jpg]
[gramotech.com/html/ecova/images/blog/b2c-8.jpg]
[gramotech.com/html/ecova/blog-two-col.html]
[gramotech.com/html/ecova/blog-three-col.html]
[gramotech.com/html/ecova/images/blog/bsmall1.jpg]
[gramotech.com/html/ecova/images/blog/bsmall2.jpg]
[gramotech.com/html/ecova/images/blog/bsmall3.jpg]
[gramotech.com/html/ecova/images/auser.jpg]
[gramotech.com/html/ecova/blog-details.html]
[gramotech.com/html/ecova/projects.html]
[gramotech.com/html/ecova/projects-grid.html]
[gramotech.com/html/ecova/projects-grid-two.html]
[gramotech.com/html/ecova/images/pl6.jpg]
[gramotech.com/html/ecova/projects-list.html]
[gramotech.com/html/ecova/projects-details.html]
[gramotech.com/html/ecova/images/shop/pro1.jpg]
[gramotech.com/html/ecova/images/shop/pro2.jpg]
[gramotech.com/html/ecova/images/shop/pro3.jpg]
[gramotech.com/html/ecova/images/shop/pro4.jpg]
[gramotech.com/html/ecova/images/shop/pro5.jpg]
[gramotech.com/html/ecova/images/shop/pro6.jpg]
[gramotech.com/html/ecova/images/shop/pro7.jpg]
[gramotech.com/html/ecova/images/shop/pro8.jpg]
[gramotech.com/html/ecova/images/shop/pro9.jpg]
[gramotech.com/html/ecova/images/shop/pro10.jpg]
[gramotech.com/html/ecova/images/shop/pro11.jpg]
[gramotech.com/html/ecova/images/shop/pro12.jpg]
[gramotech.com/html/ecova/shop.html]
[gramotech.com/html/ecova/shop-two.html]
[gramotech.com/html/ecova/images/shoplarge.jpg]
[gramotech.com/html/ecova/shop-details.html]
[gramotech.com/html/ecova/images/h3team4.jpg]
[gramotech.com/html/ecova/images/h3team5.jpg]
[gramotech.com/html/ecova/images/h3team6.jpg]
[gramotech.com/html/ecova/images/h3team7.jpg]
[gramotech.com/html/ecova/images/h3team8.jpg]
[gramotech.com/html/ecova/images/h3team9.jpg]
[gramotech.com/html/ecova/team.html]
[gramotech.com/html/ecova/images/vol-1.jpg]
[gramotech.com/html/ecova/images/vol-2.jpg]
[gramotech.com/html/ecova/images/vol-3.jpg]
[gramotech.com/html/ecova/images/vol-4.jpg]
[gramotech.com/html/ecova/images/vol-5.jpg]
[gramotech.com/html/ecova/images/vol-6.jpg]
[gramotech.com/html/ecova/images/vol-7.jpg]
[gramotech.com/html/ecova/images/vol-8.jpg]
[gramotech.com/html/ecova/images/vol-9.jpg]
[gramotech.com/html/ecova/images/vol-10.jpg]
[gramotech.com/html/ecova/images/vol-11.jpg]
[gramotech.com/html/ecova/images/vol-12.jpg]
[gramotech.com/html/ecova/team-two.html]
[gramotech.com/html/ecova/images/teamlarge.jpg]
[gramotech.com/html/ecova/team-details.html]
[gramotech.com/html/ecova/images/gallery/sgall1.jpg]
[gramotech.com/html/ecova/images/gallery/sgall2.jpg]
[gramotech.com/html/ecova/images/gallery/sgall3.jpg]
[gramotech.com/html/ecova/images/gallery/sgall4.jpg]
[gramotech.com/html/ecova/images/gallery/sgall5.jpg]
[gramotech.com/html/ecova/images/gallery/sgall6.jpg]
[gramotech.com/html/ecova/images/gallery/sgall7.jpg]
[gramotech.com/html/ecova/images/gallery/sgall8.jpg]
[gramotech.com/html/ecova/images/gallery/sgall9.jpg]
[gramotech.com/html/ecova/gallery-grid.html]
[gramotech.com/html/ecova/images/gallery/lgall1.jpg]
[gramotech.com/html/ecova/images/gallery/lgall2.jpg]
[gramotech.com/html/ecova/images/gallery/lgall3.jpg]
[gramotech.com/html/ecova/images/gallery/lgall4.jpg]
[gramotech.com/html/ecova/images/gallery/lgall5.jpg]
[gramotech.com/html/ecova/images/gallery/lgall6.jpg]
[gramotech.com/html/ecova/images/gallery/lgall7.jpg]
[gramotech.com/html/ecova/images/gallery/lgall8.jpg]
[gramotech.com/html/ecova/images/gallery/lgall9.jpg]
[gramotech.com/html/ecova/images/gallery/lgall10.jpg]
[gramotech.com/html/ecova/gallery-full.html]
[gramotech.com/html/ecova/images/gallery/gmasnry1.jpg]
[gramotech.com/html/ecova/images/gallery/gmasnry2.jpg]
[gramotech.com/html/ecova/images/gallery/gmasnry3.jpg]
[gramotech.com/html/ecova/images/gallery/gmasnry4.jpg]
[gramotech.com/html/ecova/images/gallery/gmasnry5.jpg]
[gramotech.com/html/ecova/images/gallery/gmasnry6.jpg]
[gramotech.com/html/ecova/images/gallery/gmasnry7.jpg]
[gramotech.com/html/ecova/gallery-masonry.html]
[gramotech.com/html/ecova/testimonials.html]
[gramotech.com/html/ecova/donation.html]
[gramotech.com/html/ecova/my-account.html]
[gramotech.com/html/ecova/js/isotope.pkgd.min.js]
[gramotech.com/html/ecova/images/cs-logo.png]
[gramotech.com/html/ecova/coming-soon.html]
[gramotech.com/html/ecova/images/image404.jpg]
[gramotech.com/html/ecova/page-404.html]
[gramotech.com/html/ecova/contact.html]
[gramotech.com/html/ecova/contact-one.html]
[gramotech.com/html/ecova/contact-two.html]
[gramotech.com/html/ecova/webfonts/DroidSans-webfont.svg]
[gramotech.com/html/ecova/webfonts/DroidSans-Bold-webfont.html]
[gramotech.com/html/ecova/webfonts/DroidSans-Bold-webfont-2.html]
[gramotech.com/html/ecova/webfonts/DroidSans-Bold-webfont.svg]
[gramotech.com/html/ecova/webfonts/fa-brands-400.svg]
[gramotech.com/html/ecova/webfonts/fa-regular-400.svg]
[gramotech.com/html/ecova/webfonts/fa-solid-900.svg]
[gramotech.com/html/ecova/css/slick.css]
